[debug] [2026-09-01T19:40:22.116Z] ----------------------------------------------------------------------
[debug] [2026-09-01T19:40:22.144Z] Command:       C:\Program Files\nodejs\node.exe C:\Users\franc\AppData\Roaming\npm\node_modules\firebase-tools\lib\bin\firebase.js deploy --only hosting --project servicehub-18309
[debug] [2026-09-01T19:40:22.145Z] CLI Version:   15.19.1
[debug] [2026-09-01T19:40:22.146Z] Platform:      win32
[debug] [2026-09-01T19:40:22.146Z] Node Version:  v24.15.0
[debug] [2026-09-01T19:40:22.146Z] Time:          Tue Sep 01 2026 21:40:22 GMT+0200 (Ora legale dell’Europa centrale)
[debug] [2026-09-01T19:40:22.147Z] ----------------------------------------------------------------------
[debug] 
[debug] [2026-09-01T19:40:27.552Z] > command requires scopes: ["email","openid","https://www.googleapis.com/auth/cloudplatformprojects.readonly","https://www.googleapis.com/auth/firebase","https://www.googleapis.com/auth/cloud-platform"]
[debug] [2026-09-01T19:40:27.553Z] > authorizing via signed-in user (francescomendosa@gmail.com)
[debug] [2026-09-01T19:40:27.554Z] [iam] checking project servicehub-18309 for permissions ["firebase.projects.get","firebasehosting.sites.update"]
[debug] [2026-09-01T19:40:27.564Z] Checked if tokens are valid: true, expires at: 1788293541997
[debug] [2026-09-01T19:40:27.564Z] Checked if tokens are valid: true, expires at: 1788293541997
[debug] [2026-09-01T19:40:27.570Z] >>> [apiv2][query] POST https://cloudresourcemanager.googleapis.com/v1/projects/servicehub-18309:testIamPermissions [none]
[debug] [2026-09-01T19:40:27.571Z] >>> [apiv2][(partial)header] POST https://cloudresourcemanager.googleapis.com/v1/projects/servicehub-18309:testIamPermissions  x-goog-user-project=servicehub-18309
[debug] [2026-09-01T19:40:27.571Z] >>> [apiv2][body] POST https://cloudresourcemanager.googleapis.com/v1/projects/servicehub-18309:testIamPermissions {"permissions":["firebase.projects.get","firebasehosting.sites.update"]}
[debug] [2026-09-01T19:40:28.082Z] <<< [apiv2][status] POST https://cloudresourcemanager.googleapis.com/v1/projects/servicehub-18309:testIamPermissions 200
[debug] [2026-09-01T19:40:28.082Z] <<< [apiv2][body] POST https://cloudresourcemanager.googleapis.com/v1/projects/servicehub-18309:testIamPermissions {"permissions":["firebase.projects.get","firebasehosting.sites.update"]}
[debug] [2026-09-01T19:40:28.083Z] Checked if tokens are valid: true, expires at: 1788293541997
[debug] [2026-09-01T19:40:28.084Z] Checked if tokens are valid: true, expires at: 1788293541997
[debug] [2026-09-01T19:40:28.085Z] >>> [apiv2][query] GET https://firebase.googleapis.com/v1beta1/projects/servicehub-18309 [none]
[debug] [2026-09-01T19:40:28.575Z] <<< [apiv2][status] GET https://firebase.googleapis.com/v1beta1/projects/servicehub-18309 200
[debug] [2026-09-01T19:40:28.575Z] <<< [apiv2][body] GET https://firebase.googleapis.com/v1beta1/projects/servicehub-18309 {"projectId":"servicehub-18309","projectNumber":"844169156848","displayName":"ServiceHub","name":"projects/servicehub-18309","resources":{"hostingSite":"servicehub-18309"},"state":"ACTIVE","labels":{"firebase":"enabled"},"etag":"1_d2e0a01e-600e-4e8d-b05e-b95070ff4d4a"}
[info] 
[info] === Deploying to 'servicehub-18309'...
[info] 
[info] i  deploying hosting 
[debug] [2026-09-01T19:40:28.582Z] Checked if tokens are valid: true, expires at: 1788293541997
[debug] [2026-09-01T19:40:28.583Z] Checked if tokens are valid: true, expires at: 1788293541997
[debug] [2026-09-01T19:40:28.583Z] >>> [apiv2][query] GET https://firebasehosting.googleapis.com/v1beta1/projects/servicehub-18309/sites/servicehub-18309 [none]
[debug] [2026-09-01T19:40:29.623Z] <<< [apiv2][status] GET https://firebasehosting.googleapis.com/v1beta1/projects/servicehub-18309/sites/servicehub-18309 200
[debug] [2026-09-01T19:40:29.623Z] <<< [apiv2][body] GET https://firebasehosting.googleapis.com/v1beta1/projects/servicehub-18309/sites/servicehub-18309 {"name":"projects/servicehub-18309/sites/servicehub-18309","defaultUrl":"https://servicehub-18309.web.app","type":"DEFAULT_SITE"}
[debug] [2026-09-01T19:40:29.630Z] Checked if tokens are valid: true, expires at: 1788293541997
[debug] [2026-09-01T19:40:29.630Z] Checked if tokens are valid: true, expires at: 1788293541997
[debug] [2026-09-01T19:40:29.630Z] >>> [apiv2][query] POST https://firebasehosting.googleapis.com/v1beta1/projects/-/sites/servicehub-18309/versions [none]
[debug] [2026-09-01T19:40:29.630Z] >>> [apiv2][body] POST https://firebasehosting.googleapis.com/v1beta1/projects/-/sites/servicehub-18309/versions {"status":"CREATED","labels":{"deployment-tool":"cli-firebase"}}
[debug] [2026-09-01T19:40:31.492Z] <<< [apiv2][status] POST https://firebasehosting.googleapis.com/v1beta1/projects/-/sites/servicehub-18309/versions 200
